// Jest Snapshot v1, https://jestjs.io/docs/snapshot-testing

exports[`SignalFormTestComponent should match snapshot with Signal Form 1`] = `
<app-signal-form-test
  myForm={[Function Function]}
>
  <div>
    <h2>
      Signal Form Test Component
    </h2>
    <p>
      This component tests Signal Forms with snapshot testing
    </p>
  </div>
</app-signal-form-test>
`;
