// Jest Snapshot v1, https://goo.gl/fbAQLP

exports[`SimpleComponent snapshot on nativeElement should be without ng-version 1`] = `
<div
  id="root-ng-internal-isolated-2"
>
  <p>
     simple works!

  </p>
</div>
`;

exports[`SimpleComponent snapshots 1`] = `
<app-simple
  __ngContext__={[Function LRootView]}
>
  <p>
     simple works!
  
  </p>
</app-simple>
`;
