// Jest Snapshot v1, https://goo.gl/fbAQLP

exports[`NgJestCompiler with isolatedModules false should transform codes with useESM false using hoisting, replace resources and downlevel ctor transformers 1`] = `
Object {
  "before": Array [
    [Function],
    [Function],
    [Function],
  ],
}
`;

exports[`NgJestCompiler with isolatedModules false should transform codes with useESM true using hoisting, replace resources and downlevel ctor transformers 1`] = `
Object {
  "before": Array [
    [Function],
    [Function],
    [Function],
  ],
}
`;

exports[`NgJestCompiler with isolatedModules true should transform codes with useESM false using hoisting, replace resources and downlevel ctor transformers 1`] = `
Object {
  "before": Array [
    [Function],
    [Function],
    [Function],
  ],
}
`;

exports[`NgJestCompiler with isolatedModules true should transform codes with useESM true using hoisting, replace resources and downlevel ctor transformers 1`] = `
Object {
  "before": Array [
    [Function],
    [Function],
    [Function],
  ],
}
`;
