// Jest Snapshot v1, https://goo.gl/fbAQLP

exports[`AppComponent snaps 1`] = `
<app-root
  __ngContext__={[Function LRootView]}
  hasClass={[Function Boolean]}
  title={[Function String]}
  variableWithPrecedingDolar={[Function Number]}
>
  <h1
    class="ng-tns-c11-0"
  >
     app works! 
    <app-calc
      class="ng-tns-c11-0"
    />
    <span
      class="ng-tns-c11-0"
    >
      aaa $1234
    </span>
    <span
      class="ng-tns-c11-0 ng-star-inserted"
      style=""
    >
      ddd
    </span>
    
     \`test'chars""
  
  </h1>
</app-root>
`;
